Archive member included to satisfy reference by file (symbol)

/opt/homebrew/Cellar/avr-gcc@9/9.4.0_1/lib/avr-gcc/9/gcc/avr/9.4.0/avr4/libgcc.a(_exit.o)
                              /opt/homebrew/Cellar/avr-gcc@9/9.4.0_1/lib/avr-gcc/9/gcc/avr/9.4.0/../../../../../../avr/lib/avr4/crtatmega8.o (exit)
/opt/homebrew/Cellar/avr-gcc@9/9.4.0_1/lib/avr-gcc/9/gcc/avr/9.4.0/avr4/libgcc.a(_copy_data.o)
                              usbdrv/usbdrv.o (__do_copy_data)
/opt/homebrew/Cellar/avr-gcc@9/9.4.0_1/lib/avr-gcc/9/gcc/avr/9.4.0/avr4/libgcc.a(_clear_bss.o)
                              usbdrv/usbdrv.o (__do_clear_bss)

Allocating common symbols
Common symbol       size              file

usbTxBuf            0xb               usbdrv/usbdrv.o
tpi_dly_cnt         0x2               tpi.o
usbDeviceAddr       0x1               usbdrv/usbdrv.o
usbRxToken          0x1               usbdrv/usbdrv.o
usbInputBufOffset   0x1               usbdrv/usbdrv.o
sck_spsr            0x1               isp.o
ispTransmit         0x2               isp.o
sck_spcr            0x1               isp.o
usbMsgPtr           0x2               usbdrv/usbdrv.o
isp_hiaddr          0x1               isp.o
usbRxLen            0x1               usbdrv/usbdrv.o
usbNewDeviceAddr    0x1               usbdrv/usbdrv.o
usbCurrentTok       0x1               usbdrv/usbdrv.o
usbConfiguration    0x1               usbdrv/usbdrv.o
usbRxBuf            0x16              usbdrv/usbdrv.o
sck_sw_delay        0x1               isp.o

There are no discarded input sections

Memory Configuration

Name             Origin             Length             Attributes
text             0x00000000         0x00002000         xr
data             0x00800060         0x0000ffa0         rw!x
eeprom           0x00810000         0x00010000         rw!x
fuse             0x00820000         0x00000002         rw!x
lock             0x00830000         0x00000400         rw!x
signature        0x00840000         0x00000400         rw!x
user_signatures  0x00850000         0x00000400         rw!x
*default*        0x00000000         0xffffffff

Linker script and memory map

LOAD /opt/homebrew/Cellar/avr-gcc@9/9.4.0_1/lib/avr-gcc/9/gcc/avr/9.4.0/../../../../../../avr/lib/avr4/crtatmega8.o
LOAD usbdrv/usbdrv.o
LOAD usbdrv/usbdrvasm.o
LOAD usbdrv/oddebug.o
LOAD isp.o
LOAD clock.o
LOAD tpi.o
LOAD main.o
START GROUP
LOAD /opt/homebrew/Cellar/avr-gcc@9/9.4.0_1/lib/avr-gcc/9/gcc/avr/9.4.0/avr4/libgcc.a
LOAD /opt/homebrew/Cellar/avr-gcc@9/9.4.0_1/lib/avr-gcc/9/gcc/avr/9.4.0/../../../../../../avr/lib/avr4/libm.a
LOAD /opt/homebrew/Cellar/avr-gcc@9/9.4.0_1/lib/avr-gcc/9/gcc/avr/9.4.0/../../../../../../avr/lib/avr4/libc.a
LOAD /opt/homebrew/Cellar/avr-gcc@9/9.4.0_1/lib/avr-gcc/9/gcc/avr/9.4.0/../../../../../../avr/lib/avr4/libatmega8.a
END GROUP
                0x00000000                        __TEXT_REGION_ORIGIN__ = DEFINED (__TEXT_REGION_ORIGIN__)?__TEXT_REGION_ORIGIN__:0x0
                0x00002000                        __TEXT_REGION_LENGTH__ = DEFINED (__TEXT_REGION_LENGTH__)?__TEXT_REGION_LENGTH__:0x2000
                0x00800060                        __DATA_REGION_ORIGIN__ = DEFINED (__DATA_REGION_ORIGIN__)?__DATA_REGION_ORIGIN__:0x800060
                0x0000ffa0                        __DATA_REGION_LENGTH__ = DEFINED (__DATA_REGION_LENGTH__)?__DATA_REGION_LENGTH__:0xffa0
                0x00010000                        __EEPROM_REGION_LENGTH__ = DEFINED (__EEPROM_REGION_LENGTH__)?__EEPROM_REGION_LENGTH__:0x10000
                [0x00000002]                      __FUSE_REGION_LENGTH__ = DEFINED (__FUSE_REGION_LENGTH__)?__FUSE_REGION_LENGTH__:0x400
                0x00000400                        __LOCK_REGION_LENGTH__ = DEFINED (__LOCK_REGION_LENGTH__)?__LOCK_REGION_LENGTH__:0x400
                0x00000400                        __SIGNATURE_REGION_LENGTH__ = DEFINED (__SIGNATURE_REGION_LENGTH__)?__SIGNATURE_REGION_LENGTH__:0x400
                0x00000400                        __USER_SIGNATURE_REGION_LENGTH__ = DEFINED (__USER_SIGNATURE_REGION_LENGTH__)?__USER_SIGNATURE_REGION_LENGTH__:0x400

.hash
 *(.hash)

.dynsym
 *(.dynsym)

.dynstr
 *(.dynstr)

.gnu.version
 *(.gnu.version)

.gnu.version_d
 *(.gnu.version_d)

.gnu.version_r
 *(.gnu.version_r)

.rel.init
 *(.rel.init)

.rela.init
 *(.rela.init)

.rel.text
 *(.rel.text)
 *(.rel.text.*)
 *(.rel.gnu.linkonce.t*)

.rela.text
 *(.rela.text)
 *(.rela.text.*)
 *(.rela.gnu.linkonce.t*)

.rel.fini
 *(.rel.fini)

.rela.fini
 *(.rela.fini)

.rel.rodata
 *(.rel.rodata)
 *(.rel.rodata.*)
 *(.rel.gnu.linkonce.r*)

.rela.rodata
 *(.rela.rodata)
 *(.rela.rodata.*)
 *(.rela.gnu.linkonce.r*)

.rel.data
 *(.rel.data)
 *(.rel.data.*)
 *(.rel.gnu.linkonce.d*)

.rela.data
 *(.rela.data)
 *(.rela.data.*)
 *(.rela.gnu.linkonce.d*)

.rel.ctors
 *(.rel.ctors)

.rela.ctors
 *(.rela.ctors)

.rel.dtors
 *(.rel.dtors)

.rela.dtors
 *(.rela.dtors)

.rel.got
 *(.rel.got)

.rela.got
 *(.rela.got)

.rel.bss
 *(.rel.bss)

.rela.bss
 *(.rela.bss)

.rel.plt
 *(.rel.plt)

.rela.plt
 *(.rela.plt)

.text           0x00000000     0x1248
 *(.vectors)
 .vectors       0x00000000       0x26 /opt/homebrew/Cellar/avr-gcc@9/9.4.0_1/lib/avr-gcc/9/gcc/avr/9.4.0/../../../../../../avr/lib/avr4/crtatmega8.o
                0x00000000                __vectors
                0x00000000                __vector_default
 *(.vectors)
 *(.progmem.gcc*)
                0x00000026                        . = ALIGN (0x2)
                0x00000026                        __trampolines_start = .
 *(.trampolines)
 .trampolines   0x00000026        0x0 linker stubs
 *(.trampolines*)
                0x00000026                        __trampolines_end = .
 *libprintf_flt.a:*(.progmem.data)
 *libc.a:*(.progmem.data)
 *(.progmem.*)
 .progmem.data  0x00000026       0x52 usbdrv/usbdrv.o
                0x00000026                usbDescriptorConfiguration
                0x00000038                usbDescriptorDevice
                0x0000004a                usbDescriptorStringDevice
                0x00000058                usbDescriptorStringVendor
                0x00000074                usbDescriptorString0
                0x00000078                        . = ALIGN (0x2)
 *(.lowtext)
 *(.lowtext*)
                0x00000078                        __ctors_start = .
 *(.ctors)
                0x00000078                        __ctors_end = .
                0x00000078                        __dtors_start = .
 *(.dtors)
                0x00000078                        __dtors_end = .
 SORT_BY_NAME(*)(.ctors)
 SORT_BY_NAME(*)(.dtors)
 *(.init0)
 .init0         0x00000078        0x0 /opt/homebrew/Cellar/avr-gcc@9/9.4.0_1/lib/avr-gcc/9/gcc/avr/9.4.0/../../../../../../avr/lib/avr4/crtatmega8.o
                0x00000078                __init
 *(.init0)
 *(.init1)
 *(.init1)
 *(.init2)
 .init2         0x00000078        0xc /opt/homebrew/Cellar/avr-gcc@9/9.4.0_1/lib/avr-gcc/9/gcc/avr/9.4.0/../../../../../../avr/lib/avr4/crtatmega8.o
 *(.init2)
 *(.init3)
 *(.init3)
 *(.init4)
 .init4         0x00000084       0x16 /opt/homebrew/Cellar/avr-gcc@9/9.4.0_1/lib/avr-gcc/9/gcc/avr/9.4.0/avr4/libgcc.a(_copy_data.o)
                0x00000084                __do_copy_data
 .init4         0x0000009a       0x10 /opt/homebrew/Cellar/avr-gcc@9/9.4.0_1/lib/avr-gcc/9/gcc/avr/9.4.0/avr4/libgcc.a(_clear_bss.o)
                0x0000009a                __do_clear_bss
 *(.init4)
 *(.init5)
 *(.init5)
 *(.init6)
 *(.init6)
 *(.init7)
 *(.init7)
 *(.init8)
 *(.init8)
 *(.init9)
 .init9         0x000000aa        0x4 /opt/homebrew/Cellar/avr-gcc@9/9.4.0_1/lib/avr-gcc/9/gcc/avr/9.4.0/../../../../../../avr/lib/avr4/crtatmega8.o
 *(.init9)
 *(.text)
 .text          0x000000ae        0x2 /opt/homebrew/Cellar/avr-gcc@9/9.4.0_1/lib/avr-gcc/9/gcc/avr/9.4.0/../../../../../../avr/lib/avr4/crtatmega8.o
                0x000000ae                __vector_18
                0x000000ae                __bad_interrupt
                0x000000ae                __vector_6
                0x000000ae                __vector_3
                0x000000ae                __vector_11
                0x000000ae                __vector_13
                0x000000ae                __vector_17
                0x000000ae                __vector_7
                0x000000ae                __vector_5
                0x000000ae                __vector_4
                0x000000ae                __vector_9
                0x000000ae                __vector_2
                0x000000ae                __vector_15
                0x000000ae                __vector_8
                0x000000ae                __vector_14
                0x000000ae                __vector_10
                0x000000ae                __vector_16
                0x000000ae                __vector_12
 .text          0x000000b0      0x2c4 usbdrv/usbdrv.o
                0x000000b0                usbPoll
                0x00000366                usbInit
 .text          0x00000374      0x28c usbdrv/usbdrvasm.o
                0x00000374                usbCrc16
                0x0000039e                usbCrc16Append
                0x000003a6                __vector_1
 .text          0x00000600        0x0 usbdrv/oddebug.o
 .text          0x00000600      0x54a isp.o
                0x00000600                ispTransmit_sw
                0x0000063e                ispTransmit_hw
                0x000006c6                spiHWenable
                0x000006d4                ispSetSCKOption
                0x00000792                ispDelay
                0x000007a2                ispConnect
                0x000007f2                ispDisconnect
                0x00000802                ispEnterProgrammingMode
                0x0000089e                ispReadFlash
                0x00000924                ispWriteFlash
                0x000009fe                ispFlushPage
                0x00000ac6                ispReadEEPROM
                0x00000b00                ispWriteEEPROM
 .text          0x00000b4a       0x18 clock.o
                0x00000b4a                clockWait
 .text          0x00000b62       0xd2 tpi.o
                0x00000b62                tpi_init
                0x00000b82                tpi_send_byte
                0x00000bc8                tpi_recv_byte
                0x00000bfa                tpi_read_block
                0x00000c0e                tpi_write_block
 .text          0x00000c34      0x5ee main.o
                0x00000c34                usbFunctionSetup
                0x00000f4e                usbFunctionRead
                0x00001046                usbFunctionWrite
 .text          0x00001222        0x0 /opt/homebrew/Cellar/avr-gcc@9/9.4.0_1/lib/avr-gcc/9/gcc/avr/9.4.0/avr4/libgcc.a(_exit.o)
 .text          0x00001222        0x0 /opt/homebrew/Cellar/avr-gcc@9/9.4.0_1/lib/avr-gcc/9/gcc/avr/9.4.0/avr4/libgcc.a(_copy_data.o)
 .text          0x00001222        0x0 /opt/homebrew/Cellar/avr-gcc@9/9.4.0_1/lib/avr-gcc/9/gcc/avr/9.4.0/avr4/libgcc.a(_clear_bss.o)
                0x00001222                        . = ALIGN (0x2)
 *(.text.*)
 .text.startup  0x00001222       0x22 main.o
                0x00001222                main
 .text.libgcc.mul
                0x00001244        0x0 /opt/homebrew/Cellar/avr-gcc@9/9.4.0_1/lib/avr-gcc/9/gcc/avr/9.4.0/avr4/libgcc.a(_exit.o)
 .text.libgcc.div
                0x00001244        0x0 /opt/homebrew/Cellar/avr-gcc@9/9.4.0_1/lib/avr-gcc/9/gcc/avr/9.4.0/avr4/libgcc.a(_exit.o)
 .text.libgcc   0x00001244        0x0 /opt/homebrew/Cellar/avr-gcc@9/9.4.0_1/lib/avr-gcc/9/gcc/avr/9.4.0/avr4/libgcc.a(_exit.o)
 .text.libgcc.prologue
                0x00001244        0x0 /opt/homebrew/Cellar/avr-gcc@9/9.4.0_1/lib/avr-gcc/9/gcc/avr/9.4.0/avr4/libgcc.a(_exit.o)
 .text.libgcc.builtins
                0x00001244        0x0 /opt/homebrew/Cellar/avr-gcc@9/9.4.0_1/lib/avr-gcc/9/gcc/avr/9.4.0/avr4/libgcc.a(_exit.o)
 .text.libgcc.fmul
                0x00001244        0x0 /opt/homebrew/Cellar/avr-gcc@9/9.4.0_1/lib/avr-gcc/9/gcc/avr/9.4.0/avr4/libgcc.a(_exit.o)
 .text.libgcc.fixed
                0x00001244        0x0 /opt/homebrew/Cellar/avr-gcc@9/9.4.0_1/lib/avr-gcc/9/gcc/avr/9.4.0/avr4/libgcc.a(_exit.o)
 .text.libgcc.mul
                0x00001244        0x0 /opt/homebrew/Cellar/avr-gcc@9/9.4.0_1/lib/avr-gcc/9/gcc/avr/9.4.0/avr4/libgcc.a(_copy_data.o)
 .text.libgcc.div
                0x00001244        0x0 /opt/homebrew/Cellar/avr-gcc@9/9.4.0_1/lib/avr-gcc/9/gcc/avr/9.4.0/avr4/libgcc.a(_copy_data.o)
 .text.libgcc   0x00001244        0x0 /opt/homebrew/Cellar/avr-gcc@9/9.4.0_1/lib/avr-gcc/9/gcc/avr/9.4.0/avr4/libgcc.a(_copy_data.o)
 .text.libgcc.prologue
                0x00001244        0x0 /opt/homebrew/Cellar/avr-gcc@9/9.4.0_1/lib/avr-gcc/9/gcc/avr/9.4.0/avr4/libgcc.a(_copy_data.o)
 .text.libgcc.builtins
                0x00001244        0x0 /opt/homebrew/Cellar/avr-gcc@9/9.4.0_1/lib/avr-gcc/9/gcc/avr/9.4.0/avr4/libgcc.a(_copy_data.o)
 .text.libgcc.fmul
                0x00001244        0x0 /opt/homebrew/Cellar/avr-gcc@9/9.4.0_1/lib/avr-gcc/9/gcc/avr/9.4.0/avr4/libgcc.a(_copy_data.o)
 .text.libgcc.fixed
                0x00001244        0x0 /opt/homebrew/Cellar/avr-gcc@9/9.4.0_1/lib/avr-gcc/9/gcc/avr/9.4.0/avr4/libgcc.a(_copy_data.o)
 .text.libgcc.mul
                0x00001244        0x0 /opt/homebrew/Cellar/avr-gcc@9/9.4.0_1/lib/avr-gcc/9/gcc/avr/9.4.0/avr4/libgcc.a(_clear_bss.o)
 .text.libgcc.div
                0x00001244        0x0 /opt/homebrew/Cellar/avr-gcc@9/9.4.0_1/lib/avr-gcc/9/gcc/avr/9.4.0/avr4/libgcc.a(_clear_bss.o)
 .text.libgcc   0x00001244        0x0 /opt/homebrew/Cellar/avr-gcc@9/9.4.0_1/lib/avr-gcc/9/gcc/avr/9.4.0/avr4/libgcc.a(_clear_bss.o)
 .text.libgcc.prologue
                0x00001244        0x0 /opt/homebrew/Cellar/avr-gcc@9/9.4.0_1/lib/avr-gcc/9/gcc/avr/9.4.0/avr4/libgcc.a(_clear_bss.o)
 .text.libgcc.builtins
                0x00001244        0x0 /opt/homebrew/Cellar/avr-gcc@9/9.4.0_1/lib/avr-gcc/9/gcc/avr/9.4.0/avr4/libgcc.a(_clear_bss.o)
 .text.libgcc.fmul
                0x00001244        0x0 /opt/homebrew/Cellar/avr-gcc@9/9.4.0_1/lib/avr-gcc/9/gcc/avr/9.4.0/avr4/libgcc.a(_clear_bss.o)
 .text.libgcc.fixed
                0x00001244        0x0 /opt/homebrew/Cellar/avr-gcc@9/9.4.0_1/lib/avr-gcc/9/gcc/avr/9.4.0/avr4/libgcc.a(_clear_bss.o)
                0x00001244                        . = ALIGN (0x2)
 *(.fini9)
 .fini9         0x00001244        0x0 /opt/homebrew/Cellar/avr-gcc@9/9.4.0_1/lib/avr-gcc/9/gcc/avr/9.4.0/avr4/libgcc.a(_exit.o)
                0x00001244                exit
                0x00001244                _exit
 *(.fini9)
 *(.fini8)
 *(.fini8)
 *(.fini7)
 *(.fini7)
 *(.fini6)
 *(.fini6)
 *(.fini5)
 *(.fini5)
 *(.fini4)
 *(.fini4)
 *(.fini3)
 *(.fini3)
 *(.fini2)
 *(.fini2)
 *(.fini1)
 *(.fini1)
 *(.fini0)
 .fini0         0x00001244        0x4 /opt/homebrew/Cellar/avr-gcc@9/9.4.0_1/lib/avr-gcc/9/gcc/avr/9.4.0/avr4/libgcc.a(_exit.o)
 *(.fini0)
 *(.hightext)
 *(.hightext*)
 *(.progmemx.*)
                0x00001248                        . = ALIGN (0x2)
 *(.jumptables)
 *(.jumptables*)
                0x00001248                        _etext = .

.data           0x00800060        0x2 load address 0x00001248
                0x00800060                        PROVIDE (__data_start = .)
 *(.data)
 .data          0x00800060        0x0 /opt/homebrew/Cellar/avr-gcc@9/9.4.0_1/lib/avr-gcc/9/gcc/avr/9.4.0/../../../../../../avr/lib/avr4/crtatmega8.o
 .data          0x00800060        0x2 usbdrv/usbdrv.o
                0x00800061                usbTxLen
 .data          0x00800062        0x0 usbdrv/usbdrvasm.o
 .data          0x00800062        0x0 usbdrv/oddebug.o
 .data          0x00800062        0x0 isp.o
 .data          0x00800062        0x0 clock.o
 .data          0x00800062        0x0 tpi.o
 .data          0x00800062        0x0 main.o
 .data          0x00800062        0x0 /opt/homebrew/Cellar/avr-gcc@9/9.4.0_1/lib/avr-gcc/9/gcc/avr/9.4.0/avr4/libgcc.a(_exit.o)
 .data          0x00800062        0x0 /opt/homebrew/Cellar/avr-gcc@9/9.4.0_1/lib/avr-gcc/9/gcc/avr/9.4.0/avr4/libgcc.a(_copy_data.o)
 .data          0x00800062        0x0 /opt/homebrew/Cellar/avr-gcc@9/9.4.0_1/lib/avr-gcc/9/gcc/avr/9.4.0/avr4/libgcc.a(_clear_bss.o)
 *(.data*)
 *(.gnu.linkonce.d*)
 *(.rodata)
 *(.rodata*)
 *(.gnu.linkonce.r*)
                0x00800062                        . = ALIGN (0x2)
                0x00800062                        _edata = .
                0x00800062                        PROVIDE (__data_end = .)

.bss            0x00800062       0x48
                0x00800062                        PROVIDE (__bss_start = .)
 *(.bss)
 .bss           0x00800062        0x0 /opt/homebrew/Cellar/avr-gcc@9/9.4.0_1/lib/avr-gcc/9/gcc/avr/9.4.0/../../../../../../avr/lib/avr4/crtatmega8.o
 .bss           0x00800062        0x1 usbdrv/usbdrv.o
 .bss           0x00800063        0x0 usbdrv/usbdrvasm.o
 .bss           0x00800063        0x0 usbdrv/oddebug.o
 .bss           0x00800063        0x0 isp.o
 .bss           0x00800063        0x0 clock.o
 .bss           0x00800063        0x0 tpi.o
 .bss           0x00800063       0x15 main.o
 .bss           0x00800078        0x0 /opt/homebrew/Cellar/avr-gcc@9/9.4.0_1/lib/avr-gcc/9/gcc/avr/9.4.0/avr4/libgcc.a(_exit.o)
 .bss           0x00800078        0x0 /opt/homebrew/Cellar/avr-gcc@9/9.4.0_1/lib/avr-gcc/9/gcc/avr/9.4.0/avr4/libgcc.a(_copy_data.o)
 .bss           0x00800078        0x0 /opt/homebrew/Cellar/avr-gcc@9/9.4.0_1/lib/avr-gcc/9/gcc/avr/9.4.0/avr4/libgcc.a(_clear_bss.o)
 *(.bss*)
 *(COMMON)
 COMMON         0x00800078       0x2a usbdrv/usbdrv.o
                0x00800078                usbTxBuf
                0x00800083                usbDeviceAddr
                0x00800084                usbRxToken
                0x00800085                usbInputBufOffset
                0x00800086                usbMsgPtr
                0x00800088                usbRxLen
                0x00800089                usbNewDeviceAddr
                0x0080008a                usbCurrentTok
                0x0080008b                usbConfiguration
                0x0080008c                usbRxBuf
 COMMON         0x008000a2        0x6 isp.o
                0x008000a2                sck_spsr
                0x008000a3                ispTransmit
                0x008000a5                sck_spcr
                0x008000a6                isp_hiaddr
                0x008000a7                sck_sw_delay
 COMMON         0x008000a8        0x2 tpi.o
                0x008000a8                tpi_dly_cnt
                0x008000aa                        PROVIDE (__bss_end = .)
                0x00001248                        __data_load_start = LOADADDR (.data)
                0x0000124a                        __data_load_end = (__data_load_start + SIZEOF (.data))

.noinit         0x008000aa        0x0
                [!provide]                        PROVIDE (__noinit_start = .)
 *(.noinit .noinit.* .gnu.linkonce.n.*)
                [!provide]                        PROVIDE (__noinit_end = .)
                0x008000aa                        _end = .
                [!provide]                        PROVIDE (__heap_start = .)
                0x00000000                        __flmap_init_label = DEFINED (__flmap_noinit_start)?__flmap_noinit_start:0x0
                0x00000000                        __flmap = DEFINED (__flmap)?__flmap:0x0

.eeprom         0x00810000        0x0
 *(.eeprom*)
                0x00810000                        __eeprom_end = .

.fuse
 *(.fuse)
 *(.lfuse)
 *(.hfuse)
 *(.efuse)

.lock
 *(.lock*)

.signature
 *(.signature*)

.stab
 *(.stab)

.stabstr
 *(.stabstr)

.stab.excl
 *(.stab.excl)

.stab.exclstr
 *(.stab.exclstr)

.stab.index
 *(.stab.index)

.stab.indexstr
 *(.stab.indexstr)

.comment        0x00000000       0x26
 *(.comment)
 .comment       0x00000000       0x26 usbdrv/usbdrv.o
                                 0x27 (size before relaxing)
 .comment       0x00000026       0x27 usbdrv/oddebug.o
 .comment       0x00000026       0x27 isp.o
 .comment       0x00000026       0x27 clock.o
 .comment       0x00000026       0x27 main.o

.note.gnu.avr.deviceinfo
                0x00000000       0x3c
 .note.gnu.avr.deviceinfo
                0x00000000       0x3c /opt/homebrew/Cellar/avr-gcc@9/9.4.0_1/lib/avr-gcc/9/gcc/avr/9.4.0/../../../../../../avr/lib/avr4/crtatmega8.o

.gnu.build.attributes
 *(.gnu.build.attributes .gnu.build.attributes.*)

.note.gnu.build-id
 *(.note.gnu.build-id)

.debug
 *(.debug)

.line
 *(.line)

.debug_srcinfo
 *(.debug_srcinfo)

.debug_sfnames
 *(.debug_sfnames)

.debug_aranges  0x00000000       0x60
 *(.debug_aranges)
 .debug_aranges
                0x00000000       0x20 /opt/homebrew/Cellar/avr-gcc@9/9.4.0_1/lib/avr-gcc/9/gcc/avr/9.4.0/avr4/libgcc.a(_exit.o)
 .debug_aranges
                0x00000020       0x20 /opt/homebrew/Cellar/avr-gcc@9/9.4.0_1/lib/avr-gcc/9/gcc/avr/9.4.0/avr4/libgcc.a(_copy_data.o)
 .debug_aranges
                0x00000040       0x20 /opt/homebrew/Cellar/avr-gcc@9/9.4.0_1/lib/avr-gcc/9/gcc/avr/9.4.0/avr4/libgcc.a(_clear_bss.o)

.debug_pubnames
 *(.debug_pubnames)

.debug_info     0x00000000      0x4fe
 *(.debug_info .gnu.linkonce.wi.*)
 .debug_info    0x00000000      0x48c /opt/homebrew/Cellar/avr-gcc@9/9.4.0_1/lib/avr-gcc/9/gcc/avr/9.4.0/../../../../../../avr/lib/avr4/crtatmega8.o
 .debug_info    0x0000048c       0x26 /opt/homebrew/Cellar/avr-gcc@9/9.4.0_1/lib/avr-gcc/9/gcc/avr/9.4.0/avr4/libgcc.a(_exit.o)
 .debug_info    0x000004b2       0x26 /opt/homebrew/Cellar/avr-gcc@9/9.4.0_1/lib/avr-gcc/9/gcc/avr/9.4.0/avr4/libgcc.a(_copy_data.o)
 .debug_info    0x000004d8       0x26 /opt/homebrew/Cellar/avr-gcc@9/9.4.0_1/lib/avr-gcc/9/gcc/avr/9.4.0/avr4/libgcc.a(_clear_bss.o)

.debug_abbrev   0x00000000      0x48a
 *(.debug_abbrev)
 .debug_abbrev  0x00000000      0x44e /opt/homebrew/Cellar/avr-gcc@9/9.4.0_1/lib/avr-gcc/9/gcc/avr/9.4.0/../../../../../../avr/lib/avr4/crtatmega8.o
 .debug_abbrev  0x0000044e       0x14 /opt/homebrew/Cellar/avr-gcc@9/9.4.0_1/lib/avr-gcc/9/gcc/avr/9.4.0/avr4/libgcc.a(_exit.o)
 .debug_abbrev  0x00000462       0x14 /opt/homebrew/Cellar/avr-gcc@9/9.4.0_1/lib/avr-gcc/9/gcc/avr/9.4.0/avr4/libgcc.a(_copy_data.o)
 .debug_abbrev  0x00000476       0x14 /opt/homebrew/Cellar/avr-gcc@9/9.4.0_1/lib/avr-gcc/9/gcc/avr/9.4.0/avr4/libgcc.a(_clear_bss.o)

.debug_line     0x00000000      0x191
 *(.debug_line .debug_line.* .debug_line_end)
 .debug_line    0x00000000       0x1d /opt/homebrew/Cellar/avr-gcc@9/9.4.0_1/lib/avr-gcc/9/gcc/avr/9.4.0/../../../../../../avr/lib/avr4/crtatmega8.o
 .debug_line    0x0000001d       0x5e /opt/homebrew/Cellar/avr-gcc@9/9.4.0_1/lib/avr-gcc/9/gcc/avr/9.4.0/avr4/libgcc.a(_exit.o)
 .debug_line    0x0000007b       0x94 /opt/homebrew/Cellar/avr-gcc@9/9.4.0_1/lib/avr-gcc/9/gcc/avr/9.4.0/avr4/libgcc.a(_copy_data.o)
 .debug_line    0x0000010f       0x82 /opt/homebrew/Cellar/avr-gcc@9/9.4.0_1/lib/avr-gcc/9/gcc/avr/9.4.0/avr4/libgcc.a(_clear_bss.o)

.debug_frame
 *(.debug_frame)

.debug_str      0x00000000      0x1fc
 *(.debug_str)
 .debug_str     0x00000000      0x17a /opt/homebrew/Cellar/avr-gcc@9/9.4.0_1/lib/avr-gcc/9/gcc/avr/9.4.0/../../../../../../avr/lib/avr4/crtatmega8.o
 .debug_str     0x0000017a       0x82 /opt/homebrew/Cellar/avr-gcc@9/9.4.0_1/lib/avr-gcc/9/gcc/avr/9.4.0/avr4/libgcc.a(_exit.o)
 .debug_str     0x000001fc       0x82 /opt/homebrew/Cellar/avr-gcc@9/9.4.0_1/lib/avr-gcc/9/gcc/avr/9.4.0/avr4/libgcc.a(_copy_data.o)
 .debug_str     0x000001fc       0x82 /opt/homebrew/Cellar/avr-gcc@9/9.4.0_1/lib/avr-gcc/9/gcc/avr/9.4.0/avr4/libgcc.a(_clear_bss.o)

.debug_loc
 *(.debug_loc)

.debug_macinfo
 *(.debug_macinfo)

.debug_weaknames
 *(.debug_weaknames)

.debug_funcnames
 *(.debug_funcnames)

.debug_typenames
 *(.debug_typenames)

.debug_varnames
 *(.debug_varnames)

.debug_pubtypes
 *(.debug_pubtypes)

.debug_ranges
 *(.debug_ranges)

.debug_addr
 *(.debug_addr)

.debug_line_str
 *(.debug_line_str)

.debug_loclists
 *(.debug_loclists)

.debug_macro
 *(.debug_macro)

.debug_names
 *(.debug_names)

.debug_rnglists
 *(.debug_rnglists)

.debug_str_offsets
 *(.debug_str_offsets)

.debug_sup
 *(.debug_sup)
OUTPUT(main.bin elf32-avr)
LOAD linker stubs
